bsp_lcd.c:5:6:LCD_Writ_Bus	24	static
bsp_lcd.c:24:6:LCD_WR_DATA8	16	static
bsp_lcd.c:31:7:LCD_WR_DATA	16	static
bsp_lcd.c:39:6:LCD_WR_REG	16	static
bsp_lcd.c:46:7:LCD_WR_REG_DATA	16	static
bsp_lcd.c:54:6:Address_set	24	static
bsp_lcd.c:71:6:Lcd_Init	8	static
bsp_lcd.c:163:6:LCD_Clear	24	static
bsp_lcd.c:179:6:showhanzi	32	static
bsp_lcd.c:203:6:LCD_DrawPoint	16	static
bsp_lcd.c:210:6:LCD_DrawPoint_big	32	static
bsp_lcd.c:217:6:LCD_Fill	32	static
bsp_lcd.c:229:6:LCD_DrawLine	64	static
bsp_lcd.c:265:6:LCD_DrawRectangle	24	static
bsp_lcd.c:275:6:Draw_Circle	32	static
bsp_lcd.c:312:6:LCD_ShowChar	32	static
bsp_lcd.c:353:10:mypow	24	static
bsp_lcd.c:364:6:LCD_ShowNum	32	static
bsp_lcd.c:387:6:LCD_Show2Num	32	static
bsp_lcd.c:400:6:LCD_ShowString	16	static
