bsp_imu.c:61:9:mpu_write_byte	24	static
bsp_imu.c:79:9:mpu_read_byte	24	static
bsp_imu.c:97:9:mpu_read_bytes	24	static
bsp_imu.c:115:13:ist_reg_write_by_mpu	16	static
bsp_imu.c:136:16:ist_reg_read_by_mpu	24	static
bsp_imu.c:156:13:mpu_master_i2c_auto_read_config	16	static
bsp_imu.c:196:9:ist8310_init	8	static
bsp_imu.c:264:6:ist8310_get_data	16	static
bsp_imu.c:276:6:imu_spi_get_data	8	static
bsp_imu.c:282:6:imu_buff_handler	16	static
bsp_imu.c:315:9:mpu_set_gyro_fsr	16	static
bsp_imu.c:327:9:mpu_set_accel_fsr	16	static
bsp_imu.c:340:9:mpu_device_init	32	static
bsp_imu.c:382:6:mpu_offset_call	16	static
bsp_imu.c:409:6:HAL_GPIO_EXTI_Callback	16	static
bsp_imu.c:420:6:HAL_SPI_TxRxCpltCallback	16	static
