stm32f4xx_it.c:81:6:NMI_Handler	4	static
stm32f4xx_it.c:94:6:HardFault_Handler	4	static
stm32f4xx_it.c:109:6:MemManage_Handler	4	static
stm32f4xx_it.c:124:6:BusFault_Handler	4	static
stm32f4xx_it.c:139:6:UsageFault_Handler	4	static
stm32f4xx_it.c:154:6:DebugMon_Handler	4	static
stm32f4xx_it.c:174:6:CAN1_RX0_IRQHandler	8	static
stm32f4xx_it.c:188:6:EXTI9_5_IRQHandler	8	static
stm32f4xx_it.c:202:6:USART1_IRQHandler	8	static
stm32f4xx_it.c:217:6:TIM7_IRQHandler	8	static
stm32f4xx_it.c:231:6:DMA2_Stream1_IRQHandler	8	static
stm32f4xx_it.c:245:6:DMA2_Stream3_IRQHandler	8	static
stm32f4xx_it.c:259:6:DMA2_Stream4_IRQHandler	8	static
stm32f4xx_it.c:273:6:OTG_FS_IRQHandler	8	static
stm32f4xx_it.c:287:6:DMA2_Stream5_IRQHandler	8	static
stm32f4xx_it.c:301:6:USART6_IRQHandler	8	static
